// Jest Snapshot v1, https://goo.gl/fbAQLP

exports[`renders correctly 1`] = `
<View
  style={
    Object {
      "flex": 1,
      "padding": 30,
    }
  }
>
  <TextInput
    allowFontScaling={true}
    onChangeText={[Function]}
    rejectResponderTermination={true}
    style={
      Object {
        "backgroundColor": "#EEE",
        "padding": 10,
      }
    }
    underlineColorAndroid="transparent"
    value=""
  />
  <View
    accessible={true}
    isTVSelectable={true}
    onResponderGrant={[Function]}
    onResponderMove={[Function]}
    onResponderRelease={[Function]}
    onResponderTerminate={[Function]}
    onResponderTerminationRequest={[Function]}
    onStartShouldSetResponder={[Function]}
    style={
      Object {
        "backgroundColor": "#333",
        "borderRadius": 4,
        "marginTop": 10,
        "opacity": 1,
        "padding": 14,
      }
    }
  >
    <Text
      style={
        Object {
          "color": "#FFF",
          "textAlign": "center",
        }
      }
    >
      ADD
    </Text>
  </View>
</View>
`;
